Copyright 1986-2017 Xilinx, Inc. All Rights Reserved.
---------------------------------------------------------------------------------------------
| Tool Version : Vivado v.2017.4 (win64) Build 2086221 Fri Dec 15 20:55:39 MST 2017
| Date         : Thu Oct 11 20:11:13 2018
| Host         : Windows_Bence running 64-bit major release  (build 9200)
| Command      : report_control_sets -verbose -file snake_hw_wrapper_control_sets_placed.rpt
| Design       : snake_hw_wrapper
| Device       : xc7k70t
---------------------------------------------------------------------------------------------

Control Set Information

Table of Contents
-----------------
1. Summary
2. Flip-Flop Distribution
3. Detailed Control Set Information

1. Summary
----------

+----------------------------------------------------------+-------+
|                          Status                          | Count |
+----------------------------------------------------------+-------+
| Number of unique control sets                            |    92 |
| Unused register locations in slices containing registers |   276 |
+----------------------------------------------------------+-------+


2. Flip-Flop Distribution
-------------------------

+--------------+-----------------------+------------------------+-----------------+--------------+
| Clock Enable | Synchronous Set/Reset | Asynchronous Set/Reset | Total Registers | Total Slices |
+--------------+-----------------------+------------------------+-----------------+--------------+
| No           | No                    | No                     |             456 |          138 |
| No           | No                    | Yes                    |              29 |            6 |
| No           | Yes                   | No                     |             431 |          157 |
| Yes          | No                    | No                     |             344 |           97 |
| Yes          | No                    | Yes                    |              15 |            8 |
| Yes          | Yes                   | No                     |             985 |          303 |
+--------------+-----------------------+------------------------+-----------------+--------------+


3. Detailed Control Set Information
-----------------------------------

+----------------------------------------------------------------------------------------------------------------+---------------------------------------------------------------------------------------------------------------------------------------------------------------------------------------------------------+--------------------------------------------------------------------------------------------------------------------------------------------------------------------------------+------------------+----------------+
|                                                  Clock Signal                                                  |                                                                                              Enable Signal                                                                                              |                                                                                Set/Reset Signal                                                                                | Slice Load Count | Bel Load Count |
+----------------------------------------------------------------------------------------------------------------+---------------------------------------------------------------------------------------------------------------------------------------------------------------------------------------------------------+--------------------------------------------------------------------------------------------------------------------------------------------------------------------------------+------------------+----------------+
|  snake_hw_i/clk_wiz_1/inst/clk_out1                                                                            | snake_hw_i/microblaze_0/U0/MicroBlaze_Core_I/Performance.Core/Decode_I/R_reg[32][0]                                                                                                                     |                                                                                                                                                                                |                1 |              1 |
|  snake_hw_i/mdm_1/U0/Use_E2.BSCAN_I/Ext_JTAG_UPDATE                                                            | snake_hw_i/microblaze_0/U0/MicroBlaze_Core_I/Performance.Core/Use_Debug_Logic.Master_Core.Debug_Perf/Control_Reg_En                                                                                     | snake_hw_i/microblaze_0/U0/MicroBlaze_Core_I/Performance.Core/Use_Debug_Logic.Master_Core.Debug_Perf/Serial_Dbg_Intf.force_stop_cmd_i_reg_n_0                                  |                1 |              1 |
|  snake_hw_i/mdm_1/U0/Use_E2.BSCAN_I/Ext_JTAG_UPDATE                                                            | snake_hw_i/microblaze_0/U0/MicroBlaze_Core_I/Performance.Core/Use_Debug_Logic.Master_Core.Debug_Perf/Control_Reg_En                                                                                     | snake_hw_i/microblaze_0/U0/MicroBlaze_Core_I/Performance.Core/Use_Debug_Logic.Master_Core.Debug_Perf/Serial_Dbg_Intf.continue_from_brk_reg_n_0                                 |                1 |              1 |
|  snake_hw_i/mdm_1/U0/Use_E2.BSCAN_I/Ext_JTAG_UPDATE                                                            | snake_hw_i/microblaze_0/U0/MicroBlaze_Core_I/Performance.Core/Use_Debug_Logic.Master_Core.Debug_Perf/Control_Reg_En                                                                                     | snake_hw_i/microblaze_0/U0/MicroBlaze_Core_I/Performance.Core/Use_Debug_Logic.Master_Core.Debug_Perf/Serial_Dbg_Intf.normal_stop_cmd_i_reg_n_0                                 |                1 |              1 |
|  snake_hw_i/mdm_1/U0/Use_E2.BSCAN_I/Ext_JTAG_UPDATE                                                            | snake_hw_i/microblaze_0/U0/MicroBlaze_Core_I/Performance.Core/Use_Debug_Logic.Master_Core.Debug_Perf/Control_Reg_En                                                                                     | snake_hw_i/microblaze_0/U0/MicroBlaze_Core_I/Performance.Core/Use_Debug_Logic.Master_Core.Debug_Perf/start_single_step_reg_n_0                                                 |                1 |              1 |
|  snake_hw_i/clk_wiz_1/inst/clk_out1                                                                            |                                                                                                                                                                                                         | snake_hw_i/microblaze_0/U0/MicroBlaze_Core_I/Performance.Core/Decode_I/flush_pipe                                                                                              |                1 |              1 |
| ~snake_hw_i/mdm_1/U0/Use_E2.BSCAN_I/Ext_JTAG_UPDATE                                                            |                                                                                                                                                                                                         | snake_hw_i/mdm_1/U0/MDM_Core_I1/JTAG_CONTROL_I/sel_n                                                                                                                           |                1 |              1 |
| ~snake_hw_i/mdm_1/U0/No_Dbg_Reg_Access.BUFG_DRCK/Dbg_Clk_31                                                    | snake_hw_i/mdm_1/U0/MDM_Core_I1/JTAG_CONTROL_I/Use_BSCAN.FDC_I/CE                                                                                                                                       | snake_hw_i/mdm_1/U0/MDM_Core_I1/JTAG_CONTROL_I/Use_BSCAN.FDC_I/D_1                                                                                                             |                1 |              1 |
|  snake_hw_i/clk_wiz_1/inst/clk_out1                                                                            |                                                                                                                                                                                                         | snake_hw_i/microblaze_0/U0/MicroBlaze_Core_I/Performance.Core/Use_Debug_Logic.Master_Core.Debug_Perf/capture_1                                                                 |                1 |              1 |
|  snake_hw_i/clk_wiz_1/inst/clk_out1                                                                            |                                                                                                                                                                                                         | snake_hw_i/microblaze_0_axi_intc/U0/INTC_CORE_I/p_14_out                                                                                                                       |                1 |              1 |
|  snake_hw_i/clk_wiz_1/inst/clk_out1                                                                            |                                                                                                                                                                                                         | snake_hw_i/microblaze_0_axi_intc/U0/INTC_CORE_I/p_13_out                                                                                                                       |                1 |              1 |
|  snake_hw_i/mdm_1/U0/No_Dbg_Reg_Access.BUFG_DRCK/Dbg_Clk_31                                                    | snake_hw_i/mdm_1/U0/Use_E2.BSCAN_I/Dbg_Capture_0                                                                                                                                                        | snake_hw_i/mdm_1/U0/MDM_Core_I1/JTAG_CONTROL_I/sel_reset                                                                                                                       |                1 |              1 |
|  snake_hw_i/mdm_1/U0/Use_E2.BSCAN_I/Ext_JTAG_UPDATE                                                            | snake_hw_i/microblaze_0/U0/MicroBlaze_Core_I/Performance.Core/Use_Debug_Logic.Master_Core.Debug_Perf/Command_Reg_En                                                                                     | snake_hw_i/microblaze_0/U0/MicroBlaze_Core_I/Performance.Core/Use_Debug_Logic.Master_Core.Debug_Perf/command_reg_clear                                                         |                1 |              2 |
|  snake_hw_i/clk_wiz_1/inst/clk_out1                                                                            | snake_hw_i/microblaze_0/U0/MicroBlaze_Core_I/Performance.Core/Decode_I/Use_MuxCy[10].OF_Piperun_Stage/MUXCY_I/lopt_1                                                                                    |                                                                                                                                                                                |                1 |              2 |
|  snake_hw_i/mdm_1/U0/Use_E2.BSCAN_I/Ext_JTAG_UPDATE                                                            |                                                                                                                                                                                                         |                                                                                                                                                                                |                2 |              3 |
|  snake_hw_i/clk_wiz_1/inst/clk_out1                                                                            |                                                                                                                                                                                                         | snake_hw_i/axi_gpio_0/U0/AXI_LITE_IPIF_I/I_SLAVE_ATTACHMENT/INCLUDE_DPHASE_TIMER.dpto_cnt[3]_i_1_n_0                                                                           |                1 |              4 |
|  snake_hw_i/mdm_1/U0/Use_E2.BSCAN_I/Ext_JTAG_UPDATE                                                            | snake_hw_i/mdm_1/U0/MDM_Core_I1/MDM_SEL                                                                                                                                                                 | snake_hw_i/mdm_1/U0/Use_E2.BSCAN_I/AR[0]                                                                                                                                       |                1 |              4 |
|  snake_hw_i/clk_wiz_1/inst/clk_out1                                                                            | snake_hw_i/axi_uartlite_0/U0/AXI_LITE_IPIF_I/I_SLAVE_ATTACHMENT/start2                                                                                                                                  | snake_hw_i/axi_uartlite_0/U0/AXI_LITE_IPIF_I/I_SLAVE_ATTACHMENT/I_DECODER/cs_ce_clr                                                                                            |                1 |              4 |
|  snake_hw_i/mdm_1/U0/No_Dbg_Reg_Access.BUFG_DRCK/Dbg_Clk_31                                                    | snake_hw_i/mdm_1/U0/MDM_Core_I1/p_0_out                                                                                                                                                                 | snake_hw_i/mdm_1/U0/Use_E2.BSCAN_I/AR[0]                                                                                                                                       |                1 |              4 |
| ~snake_hw_i/mdm_1/U0/Use_E2.BSCAN_I/Ext_JTAG_UPDATE                                                            |                                                                                                                                                                                                         | snake_hw_i/mdm_1/U0/Use_E2.BSCAN_I/AR[0]                                                                                                                                       |                1 |              4 |
|  snake_hw_i/clk_wiz_1/inst/clk_out1                                                                            | snake_hw_i/axi_uartlite_0/U0/UARTLITE_CORE_I/BAUD_RATE_I/en_16x_Baud                                                                                                                                    |                                                                                                                                                                                |                2 |              4 |
|  snake_hw_i/clk_wiz_1/inst/clk_out1                                                                            | snake_hw_i/microblaze_0/U0/MicroBlaze_Core_I/Performance.Core/Decode_I/wb_MSR_i_reg[30][0]                                                                                                              | snake_hw_i/microblaze_0/U0/MicroBlaze_Core_I/sync_reset                                                                                                                        |                3 |              4 |
|  snake_hw_i/clk_wiz_1/inst/clk_out1                                                                            |                                                                                                                                                                                                         | snake_hw_i/microblaze_0_axi_intc/U0/AXI_LITE_IPIF_I/I_SLAVE_ATTACHMENT/clear                                                                                                   |                1 |              4 |
|  snake_hw_i/mdm_1/U0/Use_E2.BSCAN_I/Ext_JTAG_UPDATE                                                            | snake_hw_i/microblaze_0/U0/MicroBlaze_Core_I/Performance.Core/Use_Debug_Logic.Master_Core.Debug_Perf/Control_Reg_En                                                                                     |                                                                                                                                                                                |                2 |              5 |
|  snake_hw_i/clk_wiz_1/inst/clk_out1                                                                            | snake_hw_i/microblaze_0/U0/MicroBlaze_Core_I/Performance.Core/Decode_I/Performance_Debug_Control.dbg_hit_reg[0]                                                                                         | snake_hw_i/microblaze_0/U0/MicroBlaze_Core_I/sync_reset                                                                                                                        |                1 |              5 |
|  snake_hw_i/clk_wiz_1/inst/clk_out1                                                                            |                                                                                                                                                                                                         | snake_hw_i/rst_clk_wiz_1_100M/U0/EXT_LPF/lpf_int                                                                                                                               |                1 |              5 |
|  snake_hw_i/mdm_1/U0/No_Dbg_Reg_Access.BUFG_DRCK/Dbg_Clk_31                                                    | snake_hw_i/mdm_1/U0/MDM_Core_I1/JTAG_CONTROL_I/Use_BSCAN.FDC_I/Use_Serial_Unified_Completion.sample_1_reg[10][0]                                                                                        |                                                                                                                                                                                |                2 |              6 |
|  snake_hw_i/clk_wiz_1/inst/clk_out1                                                                            |                                                                                                                                                                                                         | snake_hw_i/axi_uartlite_0/U0/UARTLITE_CORE_I/UARTLITE_TX_I/SRL_FIFO_I/I_SRL_FIFO_RBU_F/CNTR_INCR_DECR_ADDN_F_I/SS[0]                                                           |                2 |              6 |
|  snake_hw_i/mdm_1/U0/No_Dbg_Reg_Access.BUFG_DRCK/Dbg_Clk_31                                                    | snake_hw_i/mdm_1/U0/Use_E2.BSCAN_I/Use_Serial_Unified_Completion.count_reg[5]_0[0]                                                                                                                      |                                                                                                                                                                                |                2 |              6 |
|  snake_hw_i/clk_wiz_1/inst/clk_out1                                                                            | snake_hw_i/rst_clk_wiz_1_100M/U0/SEQ/seq_cnt_en                                                                                                                                                         | snake_hw_i/rst_clk_wiz_1_100M/U0/SEQ/SEQ_COUNTER/clear                                                                                                                         |                1 |              6 |
|  snake_hw_i/clk_wiz_1/inst/clk_out1                                                                            |                                                                                                                                                                                                         | snake_hw_i/axi_uartlite_0/U0/UARTLITE_CORE_I/UARTLITE_RX_I/SRL_FIFO_I/I_SRL_FIFO_RBU_F/CNTR_INCR_DECR_ADDN_F_I/SS[0]                                                           |                2 |              6 |
|  snake_hw_i/mdm_1/U0/No_Dbg_Reg_Access.BUFG_DRCK/Dbg_Clk_31                                                    | snake_hw_i/mdm_1/U0/Use_E2.BSCAN_I/E[0]                                                                                                                                                                 |                                                                                                                                                                                |                2 |              6 |
|  snake_hw_i/c_counter_binary_0/U0/i_synth/i_baseip.i_xbip_counter/i_fabric.i_fab/i_seg[1].i_sum_reg/first_q[0] | snake_hw_i/VGA_transmitter_0/inst/main_cnt[6]_i_1_n_0                                                                                                                                                   |                                                                                                                                                                                |                2 |              7 |
|  snake_hw_i/clk_wiz_1/inst/clk_out1                                                                            |                                                                                                                                                                                                         | snake_hw_i/microblaze_0_axi_intc/U0/AXI_LITE_IPIF_I/I_SLAVE_ATTACHMENT/rst                                                                                                     |                3 |              7 |
|  snake_hw_i/c_counter_binary_0/U0/i_synth/i_baseip.i_xbip_counter/i_fabric.i_fab/i_seg[1].i_sum_reg/first_q[0] |                                                                                                                                                                                                         |                                                                                                                                                                                |                5 |              8 |
|  snake_hw_i/clk_wiz_1/inst/clk_out1                                                                            |                                                                                                                                                                                                         | snake_hw_i/axi_uartlite_0/U0/AXI_LITE_IPIF_I/I_SLAVE_ATTACHMENT/rst                                                                                                            |                3 |              8 |
|  snake_hw_i/clk_wiz_1/inst/clk_out1                                                                            | snake_hw_i/microblaze_0_axi_intc/U0/AXI_LITE_IPIF_I/I_SLAVE_ATTACHMENT/bus2ip_addr_i[8]_i_1_n_0                                                                                                         | snake_hw_i/microblaze_0_axi_intc/U0/AXI_LITE_IPIF_I/I_SLAVE_ATTACHMENT/rst                                                                                                     |                2 |              8 |
|  snake_hw_i/mdm_1/U0/Use_E2.BSCAN_I/Ext_JTAG_UPDATE                                                            | snake_hw_i/mdm_1/U0/MDM_Core_I1/JTAG_CONTROL_I/Use_BSCAN.FDC_I/command_1_reg[7]_0[0]                                                                                                                    |                                                                                                                                                                                |                2 |              8 |
| ~snake_hw_i/mdm_1/U0/Use_E2.BSCAN_I/Ext_JTAG_UPDATE                                                            | snake_hw_i/mdm_1/U0/MDM_Core_I1/JTAG_CONTROL_I/Use_BSCAN.command[0]_i_1_n_0                                                                                                                             |                                                                                                                                                                                |                3 |              8 |
|  snake_hw_i/mdm_1/U0/No_Dbg_Reg_Access.BUFG_DRCK/Dbg_Clk_31                                                    | snake_hw_i/mdm_1/U0/MDM_Core_I1/JTAG_CONTROL_I/tdi_shifter0                                                                                                                                             |                                                                                                                                                                                |                1 |              8 |
|  snake_hw_i/mdm_1/U0/No_Dbg_Reg_Access.BUFG_DRCK/Dbg_Clk_31                                                    | snake_hw_i/microblaze_0/U0/MicroBlaze_Core_I/Performance.Core/Use_Debug_Logic.Master_Core.Debug_Perf/Using_PC_Breakpoints.All_PC_Brks[0].Serial_Interface_1.address_hit_I/Compare[0].SRLC16E_I/which_pc |                                                                                                                                                                                |                7 |              8 |
|  snake_hw_i/clk_wiz_1/inst/clk_out1                                                                            | snake_hw_i/axi_gpio_0/U0/AXI_LITE_IPIF_I/I_SLAVE_ATTACHMENT/I_DECODER/Dual.gpio2_OE_reg[0][0]                                                                                                           | snake_hw_i/axi_gpio_0/U0/bus2ip_reset                                                                                                                                          |                1 |              8 |
|  snake_hw_i/clk_wiz_1/inst/clk_out1                                                                            | snake_hw_i/axi_gpio_0/U0/AXI_LITE_IPIF_I/I_SLAVE_ATTACHMENT/bus2ip_addr_i[8]_i_1_n_0                                                                                                                    | snake_hw_i/axi_gpio_0/U0/bus2ip_reset                                                                                                                                          |                1 |              8 |
|  snake_hw_i/clk_wiz_1/inst/clk_out1                                                                            | snake_hw_i/axi_uartlite_0/U0/UARTLITE_CORE_I/UARTLITE_RX_I/SRL_FIFO_I/I_SRL_FIFO_RBU_F/DYNSHREG_F_I/fifo_wr                                                                                             |                                                                                                                                                                                |                1 |              8 |
|  snake_hw_i/clk_wiz_1/inst/clk_out1                                                                            | snake_hw_i/axi_uartlite_0/U0/AXI_LITE_IPIF_I/I_SLAVE_ATTACHMENT/I_DECODER/fifo_wr                                                                                                                       |                                                                                                                                                                                |                1 |              8 |
|  snake_hw_i/clk_wiz_1/inst/clk_out1                                                                            | snake_hw_i/axi_uartlite_0/U0/AXI_LITE_IPIF_I/I_SLAVE_ATTACHMENT/s_axi_rdata_i                                                                                                                           | snake_hw_i/axi_uartlite_0/U0/AXI_LITE_IPIF_I/I_SLAVE_ATTACHMENT/rst                                                                                                            |                3 |              8 |
|  snake_hw_i/c_counter_binary_0/U0/i_synth/i_baseip.i_xbip_counter/i_fabric.i_fab/i_seg[1].i_sum_reg/first_q[0] | snake_hw_i/VGA_transmitter_0/inst/v_cnt                                                                                                                                                                 | reset_0_IBUF                                                                                                                                                                   |                4 |             10 |
|  snake_hw_i/clk_wiz_1/inst/clk_out1                                                                            | snake_hw_i/axi_uartlite_0/U0/UARTLITE_CORE_I/BAUD_RATE_I/en_16x_Baud                                                                                                                                    | snake_hw_i/axi_uartlite_0/U0/UARTLITE_CORE_I/UARTLITE_RX_I/SR[0]                                                                                                               |                2 |             10 |
|  snake_hw_i/mdm_1/U0/No_Dbg_Reg_Access.BUFG_DRCK/Dbg_Clk_31                                                    | snake_hw_i/mdm_1/U0/MDM_Core_I1/JTAG_CONTROL_I/Use_BSCAN.FDC_I/E[0]                                                                                                                                     |                                                                                                                                                                                |                4 |             10 |
|  snake_hw_i/c_counter_binary_0/U0/i_synth/i_baseip.i_xbip_counter/i_fabric.i_fab/i_seg[1].i_sum_reg/first_q[0] |                                                                                                                                                                                                         | snake_hw_i/VGA_transmitter_0/inst/h_cnt0                                                                                                                                       |                4 |             11 |
|  snake_hw_i/clk_wiz_1/inst/clk_out1                                                                            |                                                                                                                                                                                                         | snake_hw_i/microblaze_0_axi_periph/xbar/inst/gen_sasd.crossbar_sasd_0/addr_arbiter_inst/SR[0]                                                                                  |                6 |             13 |
|  snake_hw_i/clk_wiz_1/inst/clk_out1                                                                            | snake_hw_i/microblaze_0/U0/MicroBlaze_Core_I/Performance.Core/Decode_I/PreFetch_Buffer_I1/OF_Valid_DFF/imm_reg_reg[15][0]                                                                               | snake_hw_i/microblaze_0/U0/MicroBlaze_Core_I/sync_reset                                                                                                                        |                7 |             16 |
|  snake_hw_i/clk_wiz_1/inst/clk_out1                                                                            | snake_hw_i/microblaze_0_axi_intc/U0/AXI_LITE_IPIF_I/I_SLAVE_ATTACHMENT/start2                                                                                                                           | snake_hw_i/microblaze_0_axi_intc/U0/AXI_LITE_IPIF_I/I_SLAVE_ATTACHMENT/I_DECODER/cs_ce_clr                                                                                     |                4 |             17 |
|  snake_hw_i/clk_wiz_1/inst/clk_out1                                                                            | snake_hw_i/axi_gpio_0/U0/AXI_LITE_IPIF_I/I_SLAVE_ATTACHMENT/start2                                                                                                                                      | snake_hw_i/axi_gpio_0/U0/AXI_LITE_IPIF_I/I_SLAVE_ATTACHMENT/I_DECODER/cs_ce_clr                                                                                                |                4 |             20 |
|  snake_hw_i/clk_wiz_1/inst/clk_out1                                                                            | snake_hw_i/microblaze_0/U0/MicroBlaze_Core_I/Performance.Core/mem_databus_ready_sel_carry_or/MUXCY_I/lopt_4                                                                                             | snake_hw_i/microblaze_0/U0/MicroBlaze_Core_I/sync_reset                                                                                                                        |                6 |             21 |
|  snake_hw_i/mdm_1/U0/No_Dbg_Reg_Access.BUFG_DRCK/Dbg_Clk_31                                                    |                                                                                                                                                                                                         | snake_hw_i/mdm_1/U0/Use_E2.BSCAN_I/shift_n_reset                                                                                                                               |                3 |             23 |
|  snake_hw_i/clk_wiz_1/inst/clk_out1                                                                            | snake_hw_i/microblaze_0_axi_periph/xbar/inst/gen_sasd.crossbar_sasd_0/addr_arbiter_inst/p_0_in1_in                                                                                                      | snake_hw_i/microblaze_0_axi_periph/xbar/inst/gen_sasd.crossbar_sasd_0/addr_arbiter_inst/SR[0]                                                                                  |                4 |             23 |
|  snake_hw_i/clk_wiz_1/inst/clk_out1                                                                            | snake_hw_i/axi_gpio_0/U0/AXI_LITE_IPIF_I/I_SLAVE_ATTACHMENT/s_axi_rdata_i                                                                                                                               | snake_hw_i/axi_gpio_0/U0/bus2ip_reset                                                                                                                                          |                6 |             26 |
|  snake_hw_i/clk_wiz_1/inst/clk_out1                                                                            |                                                                                                                                                                                                         | snake_hw_i/axi_uartlite_0/U0/UARTLITE_CORE_I/UARTLITE_RX_I/SR[0]                                                                                                               |                8 |             26 |
|  snake_hw_i/clk_wiz_1/inst/clk_out1                                                                            |                                                                                                                                                                                                         | snake_hw_i/microblaze_0_axi_intc/U0/INTC_CORE_I/SR[0]                                                                                                                          |                7 |             27 |
|  snake_hw_i/clk_wiz_1/inst/clk_out1                                                                            |                                                                                                                                                                                                         | snake_hw_i/microblaze_0/U0/MicroBlaze_Core_I/Performance.Core/Use_DLMB.wb_dlmb_valid_read_data[0]_i_1_n_0                                                                      |               13 |             32 |
|  snake_hw_i/clk_wiz_1/inst/clk_out1                                                                            |                                                                                                                                                                                                         | snake_hw_i/axi_gpio_0/U0/AXI_LITE_IPIF_I/I_SLAVE_ATTACHMENT/I_DECODER/Read_Reg_Rst                                                                                             |                4 |             32 |
|  snake_hw_i/clk_wiz_1/inst/clk_out1                                                                            | snake_hw_i/microblaze_0_axi_periph/xbar/inst/gen_sasd.crossbar_sasd_0/reg_slice_r/aa_rready                                                                                                             |                                                                                                                                                                                |                6 |             32 |
|  snake_hw_i/clk_wiz_1/inst/clk_out1                                                                            | snake_hw_i/microblaze_0/U0/MicroBlaze_Core_I/Performance.Core/Use_Debug_Logic.Master_Core.Debug_Perf/data_rd_reg[0]_i_1_n_0                                                                             | snake_hw_i/microblaze_0/U0/MicroBlaze_Core_I/sync_reset                                                                                                                        |                9 |             32 |
|  snake_hw_i/clk_wiz_1/inst/clk_out1                                                                            | snake_hw_i/microblaze_0/U0/MicroBlaze_Core_I/Performance.Core/Decode_I/Use_MuxCy[2].OF_Piperun_Stage/MUXCY_I/lopt_1                                                                                     | snake_hw_i/microblaze_0/U0/MicroBlaze_Core_I/Performance.Core/Decode_I/R                                                                                                       |               18 |             32 |
|  snake_hw_i/clk_wiz_1/inst/clk_out1                                                                            | snake_hw_i/microblaze_0_axi_periph/xbar/inst/gen_sasd.crossbar_sasd_0/addr_arbiter_inst/s_axi_rvalid[0]                                                                                                 | snake_hw_i/microblaze_0/U0/MicroBlaze_Core_I/sync_reset                                                                                                                        |               10 |             32 |
|  snake_hw_i/clk_wiz_1/inst/clk_out1                                                                            | snake_hw_i/microblaze_0_axi_intc/U0/AXI_LITE_IPIF_I/I_SLAVE_ATTACHMENT/s_axi_rdata_i                                                                                                                    | snake_hw_i/microblaze_0_axi_intc/U0/AXI_LITE_IPIF_I/I_SLAVE_ATTACHMENT/rst                                                                                                     |               10 |             32 |
|  snake_hw_i/clk_wiz_1/inst/clk_out1                                                                            | snake_hw_i/microblaze_0/U0/MicroBlaze_Core_I/Performance.Core/Decode_I/ex_start_div                                                                                                                     |                                                                                                                                                                                |                8 |             32 |
|  snake_hw_i/clk_wiz_1/inst/clk_out1                                                                            | snake_hw_i/microblaze_0/U0/MicroBlaze_Core_I/Performance.Core/mem_databus_ready_sel_carry_or/MUXCY_I/lopt_4                                                                                             | snake_hw_i/microblaze_0/U0/MicroBlaze_Core_I/Performance.Core/Data_Flow_I/MUL_Unit_I/Use_HW_MUL.Using_DSP48_Architectures.Doing_mul64.Virtex_MUL64.wb_mul32_result[15]_i_1_n_0 |                6 |             32 |
|  snake_hw_i/clk_wiz_1/inst/clk_out1                                                                            | snake_hw_i/microblaze_0/U0/MicroBlaze_Core_I/Performance.Core/mem_databus_ready_sel_carry_or/MUXCY_I/lopt_4                                                                                             | snake_hw_i/microblaze_0/U0/MicroBlaze_Core_I/Performance.Core/Decode_I/WB_MEM_Result_reg[31][0]                                                                                |               16 |             32 |
|  snake_hw_i/mdm_1/U0/No_Dbg_Reg_Access.BUFG_DRCK/Dbg_Clk_31                                                    | snake_hw_i/microblaze_0/U0/MicroBlaze_Core_I/Performance.Core/Use_Debug_Logic.Master_Core.Debug_Perf/New_Dbg_Instr_TCK                                                                                  |                                                                                                                                                                                |               12 |             32 |
|  snake_hw_i/clk_wiz_1/inst/clk_out1                                                                            | snake_hw_i/microblaze_0/U0/MicroBlaze_Core_I/Performance.Core/Decode_I/jump_logic_I1/MUXCY_JUMP_CARRY6/if_pc_reg[0][0]                                                                                  | snake_hw_i/microblaze_0/U0/MicroBlaze_Core_I/sync_reset                                                                                                                        |                6 |             32 |
|  snake_hw_i/clk_wiz_1/inst/clk_out1                                                                            | snake_hw_i/microblaze_0_axi_intc/U0/INTC_CORE_I/irq                                                                                                                                                     |                                                                                                                                                                                |                8 |             32 |
|  snake_hw_i/clk_wiz_1/inst/clk_out1                                                                            | snake_hw_i/microblaze_0/U0/MicroBlaze_Core_I/Performance.Core/Data_Flow_I/Using_Div_Unit.Div_unit_I1/E[0]                                                                                               | snake_hw_i/microblaze_0/U0/MicroBlaze_Core_I/Performance.Core/Decode_I/ex_start_div                                                                                            |                8 |             32 |
|  snake_hw_i/clk_wiz_1/inst/clk_out1                                                                            | snake_hw_i/microblaze_0/U0/MicroBlaze_Core_I/Performance.Core/Decode_I/Use_MuxCy[3].OF_Piperun_Stage/MUXCY_I/mem_pc_i_reg[31][0]                                                                        | snake_hw_i/microblaze_0/U0/MicroBlaze_Core_I/sync_reset                                                                                                                        |                7 |             32 |
|  snake_hw_i/clk_wiz_1/inst/clk_out1                                                                            | snake_hw_i/microblaze_0/U0/MicroBlaze_Core_I/Performance.Core/Decode_I/Use_MuxCy[2].OF_Piperun_Stage/MUXCY_I/lopt_1                                                                                     |                                                                                                                                                                                |               12 |             33 |
|  snake_hw_i/clk_wiz_1/inst/clk_out1                                                                            | snake_hw_i/microblaze_0_axi_periph/xbar/inst/gen_sasd.crossbar_sasd_0/addr_arbiter_inst/E[0]                                                                                                            |                                                                                                                                                                                |                6 |             33 |
|  snake_hw_i/clk_wiz_1/inst/clk_out1                                                                            | snake_hw_i/microblaze_0/U0/MicroBlaze_Core_I/Performance.Core/Decode_I/R_reg[32][0]                                                                                                                     | snake_hw_i/microblaze_0/U0/MicroBlaze_Core_I/Performance.Core/Data_Flow_I/Zero_Detect_I/Zero_Detecting[5].I_Part_Of_Zero_Detect/SR[0]                                          |                9 |             33 |
|  snake_hw_i/clk_wiz_1/inst/clk_out1                                                                            | snake_hw_i/microblaze_0/U0/MicroBlaze_Core_I/Performance.Core/mem_databus_ready_sel_carry_or/MUXCY_I/lopt_4                                                                                             |                                                                                                                                                                                |               10 |             34 |
|  snake_hw_i/clk_wiz_1/inst/clk_out1                                                                            | snake_hw_i/microblaze_0/U0/MicroBlaze_Core_I/Performance.Core/Decode_I/Use_MuxCy[2].OF_Piperun_Stage/MUXCY_I/lopt_1                                                                                     | snake_hw_i/microblaze_0/U0/MicroBlaze_Core_I/Performance.Core/Decode_I/SR[0]                                                                                                   |               13 |             36 |
|  snake_hw_i/mdm_1/U0/No_Dbg_Reg_Access.BUFG_DRCK/Dbg_Clk_31                                                    | snake_hw_i/mdm_1/U0/Use_E2.BSCAN_I/Dbg_Capture_0                                                                                                                                                        |                                                                                                                                                                                |               12 |             47 |
|  snake_hw_i/clk_wiz_1/inst/clk_out1                                                                            | snake_hw_i/axi_gpio_0/U0/AXI_LITE_IPIF_I/I_SLAVE_ATTACHMENT/I_DECODER/E[0]                                                                                                                              | snake_hw_i/axi_gpio_0/U0/bus2ip_reset                                                                                                                                          |               11 |             48 |
|  snake_hw_i/clk_wiz_1/inst/clk_out1                                                                            | snake_hw_i/microblaze_0/U0/MicroBlaze_Core_I/Performance.Core/Decode_I/Use_MuxCy[2].OF_Piperun_Stage/MUXCY_I/lopt_1                                                                                     | snake_hw_i/microblaze_0/U0/MicroBlaze_Core_I/Performance.Core/Decode_I/Use_HW_BS.Using_BitField.mem_mask1_reg[30]                                                              |               28 |             63 |
|  snake_hw_i/clk_wiz_1/inst/clk_out1                                                                            | snake_hw_i/microblaze_0_axi_intc/U0/AXI_LITE_IPIF_I/I_SLAVE_ATTACHMENT/I_DECODER/bus2ip_wrce[0]                                                                                                         |                                                                                                                                                                                |                8 |             64 |
|  snake_hw_i/clk_wiz_1/inst/clk_out1                                                                            | snake_hw_i/microblaze_0/U0/MicroBlaze_Core_I/Performance.Core/Use_Debug_Logic.Master_Core.Debug_Perf/IReady_0                                                                                           |                                                                                                                                                                                |               11 |             75 |
|  snake_hw_i/mdm_1/U0/No_Dbg_Reg_Access.BUFG_DRCK/Dbg_Clk_31                                                    |                                                                                                                                                                                                         |                                                                                                                                                                                |               31 |             81 |
|  snake_hw_i/clk_wiz_1/inst/clk_out1                                                                            | snake_hw_i/microblaze_0/U0/MicroBlaze_Core_I/Performance.Core/Decode_I/Use_MuxCy[2].OF_Piperun_Stage/MUXCY_I/lopt_1                                                                                     | snake_hw_i/microblaze_0/U0/MicroBlaze_Core_I/sync_reset                                                                                                                        |               24 |             85 |
|  snake_hw_i/clk_wiz_1/inst/clk_out1                                                                            |                                                                                                                                                                                                         | snake_hw_i/axi_gpio_0/U0/bus2ip_reset                                                                                                                                          |               33 |             89 |
|  snake_hw_i/clk_wiz_1/inst/clk_out1                                                                            | snake_hw_i/microblaze_0/U0/MicroBlaze_Core_I/Performance.Core/Decode_I/D[11]                                                                                                                            |                                                                                                                                                                                |               16 |            128 |
|  snake_hw_i/clk_wiz_1/inst/clk_out1                                                                            |                                                                                                                                                                                                         | snake_hw_i/microblaze_0/U0/MicroBlaze_Core_I/sync_reset                                                                                                                        |               66 |            158 |
|  snake_hw_i/clk_wiz_1/inst/clk_out1                                                                            | snake_hw_i/microblaze_0/U0/MicroBlaze_Core_I/Performance.Core/Decode_I/Use_MuxCy[10].OF_Piperun_Stage/MUXCY_I/lopt_1                                                                                    | snake_hw_i/microblaze_0/U0/MicroBlaze_Core_I/sync_reset                                                                                                                        |               77 |            237 |
|  snake_hw_i/clk_wiz_1/inst/clk_out1                                                                            |                                                                                                                                                                                                         |                                                                                                                                                                                |              108 |            383 |
+----------------------------------------------------------------------------------------------------------------+---------------------------------------------------------------------------------------------------------------------------------------------------------------------------------------------------------+--------------------------------------------------------------------------------------------------------------------------------------------------------------------------------+------------------+----------------+


+--------+-----------------------+
| Fanout | Number of ControlSets |
+--------+-----------------------+
| 1      |                    12 |
| 2      |                     2 |
| 3      |                     1 |
| 4      |                     8 |
| 5      |                     3 |
| 6      |                     6 |
| 7      |                     2 |
| 8      |                    12 |
| 10     |                     3 |
| 11     |                     1 |
| 13     |                     1 |
| 16+    |                    41 |
+--------+-----------------------+


